Archive member included because of file (symbol)

/Users/mrsang/private-app/gcc-arm-none-eabi-4_9/lib/gcc/arm-none-eabi/4.9.3/armv6-m/libgcc.a(_udivsi3.o)
                              wire.o (__aeabi_uidiv)
/Users/mrsang/private-app/gcc-arm-none-eabi-4_9/lib/gcc/arm-none-eabi/4.9.3/armv6-m/libgcc.a(_divsi3.o)
                              wire.o (__aeabi_idiv)
/Users/mrsang/private-app/gcc-arm-none-eabi-4_9/lib/gcc/arm-none-eabi/4.9.3/armv6-m/libgcc.a(_dvmd_tls.o)
                              /Users/mrsang/private-app/gcc-arm-none-eabi-4_9/lib/gcc/arm-none-eabi/4.9.3/armv6-m/libgcc.a(_udivsi3.o) (__aeabi_idiv0)

Memory Configuration

Name             Origin             Length             Attributes
flash            0x0000000000000000 0x0000000000008000
ram              0x0000000010000000 0x0000000000002000
*default*        0x0000000000000000 0xffffffffffffffff

Linker script and memory map

LOAD init.o
LOAD wire.o
LOAD main.o
LOAD /Users/mrsang/private-app/gcc-arm-none-eabi-4_9/lib/gcc/arm-none-eabi/4.9.3/armv6-m/libgcc.a
                0x0000000000000000                . = ORIGIN (flash)

.text           0x0000000000000000     0x1094
 *(.vectors)
 .vectors       0x0000000000000000       0xc0 init.o
                0x0000000000000000                Vectors
 *(.text)
 .text          0x00000000000000c0       0x9c init.o
                0x00000000000000c0                Default_Handler
                0x00000000000000c4                clock_init
                0x0000000000000104                init
                0x0000000000000154                start
 .text          0x000000000000015c      0xbc4 wire.o
                0x000000000000015c                RSET
                0x0000000000000164                RCLEAR
                0x000000000000016c                PINCONF
                0x00000000000002d0                BIT_S
                0x0000000000000384                IOFUN_SET
                0x00000000000003a8                __serial_irq
                0x00000000000003c0                __sys_tick
                0x00000000000003d8                GPIO_DIR_SET
                0x0000000000000408                PINDIR
                0x0000000000000434                GPIO_READ
                0x000000000000044c                GPIO_DATA_SET
                0x000000000000047c                digital_write
                0x00000000000004a8                digital_read
                0x00000000000004cc                gpio_pin_mode
                0x000000000000052c                gpio_interrupt
                0x000000000000061c                pwm_enable
                0x00000000000006e4                pwm_write
                0x0000000000000870                serial_begin
                0x0000000000000918                serial_write_byte
                0x0000000000000934                serial_write
                0x000000000000094c                serial_writenl
                0x0000000000000960                serial_write_int
                0x000000000000098c                serial_write_hex
                0x00000000000009b4                serial_write_buff
                0x00000000000009e0                serial_irq
                0x0000000000000a08                serial_available
                0x0000000000000a18                serial_read
                0x0000000000000a24                serial_read_buff
                0x0000000000000a50                analog_init
                0x0000000000000a80                analog_enable
                0x0000000000000aa4                analog_read
                0x0000000000000b14                delay_us
                0x0000000000000b50                delay_ms
                0x0000000000000b60                __GPIO_IRQ
                0x0000000000000bf8                delay_s
                0x0000000000000c08                sonar_init
                0x0000000000000c1c                sonar_get_distance
                0x0000000000000ccc                __div_and_round
                0x0000000000000cf0                servo_init
                0x0000000000000d08                servo_write
 .text          0x0000000000000d20       0x70 main.o
                0x0000000000000d20                test
                0x0000000000000d58                main
 .text          0x0000000000000d90      0x120 /Users/mrsang/private-app/gcc-arm-none-eabi-4_9/lib/gcc/arm-none-eabi/4.9.3/armv6-m/libgcc.a(_udivsi3.o)
                0x0000000000000d90                __udivsi3
                0x0000000000000d90                __aeabi_uidiv
                0x0000000000000e9c                __aeabi_uidivmod
 .text          0x0000000000000eb0      0x1e0 /Users/mrsang/private-app/gcc-arm-none-eabi-4_9/lib/gcc/arm-none-eabi/4.9.3/armv6-m/libgcc.a(_divsi3.o)
                0x0000000000000eb0                __aeabi_idiv
                0x0000000000000eb0                __divsi3
                0x000000000000107c                __aeabi_idivmod
 .text          0x0000000000001090        0x4 /Users/mrsang/private-app/gcc-arm-none-eabi-4_9/lib/gcc/arm-none-eabi/4.9.3/armv6-m/libgcc.a(_dvmd_tls.o)
                0x0000000000001090                __aeabi_ldiv0
                0x0000000000001090                __aeabi_idiv0

.glue_7         0x0000000000001094        0x0
 .glue_7        0x0000000000000000        0x0 linker stubs

.glue_7t        0x0000000000001094        0x0
 .glue_7t       0x0000000000000000        0x0 linker stubs

.vfp11_veneer   0x0000000000001094        0x0
 .vfp11_veneer  0x0000000000000000        0x0 linker stubs

.v4_bx          0x0000000000001094        0x0
 .v4_bx         0x0000000000000000        0x0 linker stubs

.iplt           0x0000000000001094        0x0
 .iplt          0x0000000000000000        0x0 init.o

.rel.dyn        0x0000000000001094        0x0
 .rel.iplt      0x0000000000000000        0x0 init.o

.rodata.str1.4  0x0000000000001094       0x20
 .rodata.str1.4
                0x0000000000001094       0x10 wire.o
 .rodata.str1.4
                0x00000000000010a4       0x10 main.o
                                         0x14 (size before relaxing)
                0x0000000010000000                . = ORIGIN (ram)

.data           0x0000000010000000        0x0 load address 0x00000000000010b4
                0x00000000000010b4                INIT_DATA_VALUES = LOADADDR (.data)
                0x0000000010000000                INIT_DATA_START = .
 *(.data)
 .data          0x0000000010000000        0x0 init.o
 .data          0x0000000010000000        0x0 wire.o
 .data          0x0000000010000000        0x0 main.o
 .data          0x0000000010000000        0x0 /Users/mrsang/private-app/gcc-arm-none-eabi-4_9/lib/gcc/arm-none-eabi/4.9.3/armv6-m/libgcc.a(_udivsi3.o)
 .data          0x0000000010000000        0x0 /Users/mrsang/private-app/gcc-arm-none-eabi-4_9/lib/gcc/arm-none-eabi/4.9.3/armv6-m/libgcc.a(_divsi3.o)
 .data          0x0000000010000000        0x0 /Users/mrsang/private-app/gcc-arm-none-eabi-4_9/lib/gcc/arm-none-eabi/4.9.3/armv6-m/libgcc.a(_dvmd_tls.o)
                0x0000000010000000                INIT_DATA_END = .
                0x0000000010000000                BSS_START = .

.igot.plt       0x0000000010000000        0x0 load address 0x00000000000010b4
 .igot.plt      0x0000000000000000        0x0 init.o

.bss            0x0000000010000000       0x60 load address 0x00000000000010b4
 *(.bss)
 .bss           0x0000000010000000        0x0 init.o
 .bss           0x0000000010000000       0x60 wire.o
                0x0000000010000000                UART_IRQ
                0x0000000010000004                SYS_TICK_IRQ
                0x0000000010000008                GPIO0_IRQ
                0x0000000010000038                GPIO1_IRQ
 .bss           0x0000000010000060        0x0 main.o
 .bss           0x0000000010000060        0x0 /Users/mrsang/private-app/gcc-arm-none-eabi-4_9/lib/gcc/arm-none-eabi/4.9.3/armv6-m/libgcc.a(_udivsi3.o)
 .bss           0x0000000010000060        0x0 /Users/mrsang/private-app/gcc-arm-none-eabi-4_9/lib/gcc/arm-none-eabi/4.9.3/armv6-m/libgcc.a(_divsi3.o)
 .bss           0x0000000010000060        0x0 /Users/mrsang/private-app/gcc-arm-none-eabi-4_9/lib/gcc/arm-none-eabi/4.9.3/armv6-m/libgcc.a(_dvmd_tls.o)
                0x0000000010000060                BSS_END = .
OUTPUT(main.elf elf32-littlearm)

.debug_info     0x0000000000000000     0x142a
 .debug_info    0x0000000000000000      0x153 init.o
 .debug_info    0x0000000000000153     0x1049 wire.o
 .debug_info    0x000000000000119c      0x28e main.o

.debug_abbrev   0x0000000000000000      0x51f
 .debug_abbrev  0x0000000000000000      0x111 init.o
 .debug_abbrev  0x0000000000000111      0x2d8 wire.o
 .debug_abbrev  0x00000000000003e9      0x136 main.o

.debug_loc      0x0000000000000000     0x14c0
 .debug_loc     0x0000000000000000       0x8a init.o
 .debug_loc     0x000000000000008a     0x1436 wire.o

.debug_aranges  0x0000000000000000       0x60
 .debug_aranges
                0x0000000000000000       0x20 init.o
 .debug_aranges
                0x0000000000000020       0x20 wire.o
 .debug_aranges
                0x0000000000000040       0x20 main.o

.debug_line     0x0000000000000000      0x4f9
 .debug_line    0x0000000000000000       0x60 init.o
 .debug_line    0x0000000000000060      0x432 wire.o
 .debug_line    0x0000000000000492       0x67 main.o

.debug_str      0x0000000000000000      0x3e0
 .debug_str     0x0000000000000000      0x147 init.o
                                        0x14c (size before relaxing)
 .debug_str     0x0000000000000147      0x28d wire.o
                                        0x36b (size before relaxing)
 .debug_str     0x00000000000003d4        0xc main.o
                                        0x170 (size before relaxing)

.comment        0x0000000000000000       0x70
 .comment       0x0000000000000000       0x70 init.o
                                         0x71 (size before relaxing)
 .comment       0x0000000000000000       0x71 wire.o
 .comment       0x0000000000000000       0x71 main.o

.ARM.attributes
                0x0000000000000000       0x31
 .ARM.attributes
                0x0000000000000000       0x31 init.o
 .ARM.attributes
                0x0000000000000031       0x31 wire.o
 .ARM.attributes
                0x0000000000000062       0x31 main.o
 .ARM.attributes
                0x0000000000000093       0x1e /Users/mrsang/private-app/gcc-arm-none-eabi-4_9/lib/gcc/arm-none-eabi/4.9.3/armv6-m/libgcc.a(_udivsi3.o)
 .ARM.attributes
                0x00000000000000b1       0x1e /Users/mrsang/private-app/gcc-arm-none-eabi-4_9/lib/gcc/arm-none-eabi/4.9.3/armv6-m/libgcc.a(_divsi3.o)
 .ARM.attributes
                0x00000000000000cf       0x1e /Users/mrsang/private-app/gcc-arm-none-eabi-4_9/lib/gcc/arm-none-eabi/4.9.3/armv6-m/libgcc.a(_dvmd_tls.o)

.debug_frame    0x0000000000000000      0x4a0
 .debug_frame   0x0000000000000000       0x60 init.o
 .debug_frame   0x0000000000000060      0x3c0 wire.o
 .debug_frame   0x0000000000000420       0x40 main.o
 .debug_frame   0x0000000000000460       0x20 /Users/mrsang/private-app/gcc-arm-none-eabi-4_9/lib/gcc/arm-none-eabi/4.9.3/armv6-m/libgcc.a(_udivsi3.o)
 .debug_frame   0x0000000000000480       0x20 /Users/mrsang/private-app/gcc-arm-none-eabi-4_9/lib/gcc/arm-none-eabi/4.9.3/armv6-m/libgcc.a(_divsi3.o)

.debug_ranges   0x0000000000000000       0x30
 .debug_ranges  0x0000000000000000       0x30 wire.o

Cross Reference Table

Symbol                                            File
BIT_S                                             wire.o
BSS_END                                           init.o
BSS_START                                         init.o
Default_Handler                                   init.o
GPIO0_IRQ                                         wire.o
GPIO1_IRQ                                         wire.o
GPIO_DATA_SET                                     wire.o
GPIO_DIR_SET                                      wire.o
GPIO_READ                                         wire.o
INIT_DATA_END                                     init.o
INIT_DATA_START                                   init.o
INIT_DATA_VALUES                                  init.o
IOFUN_SET                                         wire.o
PINCONF                                           wire.o
PINDIR                                            wire.o
RCLEAR                                            wire.o
RSET                                              wire.o
SYS_TICK_IRQ                                      wire.o
UART_IRQ                                          wire.o
Vectors                                           init.o
__GPIO_IRQ                                        wire.o
                                                  init.o
__aeabi_idiv                                      /Users/mrsang/private-app/gcc-arm-none-eabi-4_9/lib/gcc/arm-none-eabi/4.9.3/armv6-m/libgcc.a(_divsi3.o)
                                                  wire.o
__aeabi_idiv0                                     /Users/mrsang/private-app/gcc-arm-none-eabi-4_9/lib/gcc/arm-none-eabi/4.9.3/armv6-m/libgcc.a(_dvmd_tls.o)
                                                  /Users/mrsang/private-app/gcc-arm-none-eabi-4_9/lib/gcc/arm-none-eabi/4.9.3/armv6-m/libgcc.a(_divsi3.o)
                                                  /Users/mrsang/private-app/gcc-arm-none-eabi-4_9/lib/gcc/arm-none-eabi/4.9.3/armv6-m/libgcc.a(_udivsi3.o)
__aeabi_idivmod                                   /Users/mrsang/private-app/gcc-arm-none-eabi-4_9/lib/gcc/arm-none-eabi/4.9.3/armv6-m/libgcc.a(_divsi3.o)
                                                  wire.o
__aeabi_ldiv0                                     /Users/mrsang/private-app/gcc-arm-none-eabi-4_9/lib/gcc/arm-none-eabi/4.9.3/armv6-m/libgcc.a(_dvmd_tls.o)
__aeabi_uidiv                                     /Users/mrsang/private-app/gcc-arm-none-eabi-4_9/lib/gcc/arm-none-eabi/4.9.3/armv6-m/libgcc.a(_udivsi3.o)
                                                  wire.o
__aeabi_uidivmod                                  /Users/mrsang/private-app/gcc-arm-none-eabi-4_9/lib/gcc/arm-none-eabi/4.9.3/armv6-m/libgcc.a(_udivsi3.o)
__div_and_round                                   wire.o
__divsi3                                          /Users/mrsang/private-app/gcc-arm-none-eabi-4_9/lib/gcc/arm-none-eabi/4.9.3/armv6-m/libgcc.a(_divsi3.o)
__serial_irq                                      wire.o
                                                  init.o
__sys_tick                                        wire.o
                                                  init.o
__udivsi3                                         /Users/mrsang/private-app/gcc-arm-none-eabi-4_9/lib/gcc/arm-none-eabi/4.9.3/armv6-m/libgcc.a(_udivsi3.o)
analog_enable                                     wire.o
analog_init                                       wire.o
analog_read                                       wire.o
clock_init                                        init.o
delay_ms                                          wire.o
                                                  main.o
delay_s                                           wire.o
delay_us                                          wire.o
digital_read                                      wire.o
digital_write                                     wire.o
                                                  main.o
gpio_interrupt                                    wire.o
gpio_pin_mode                                     wire.o
                                                  main.o
init                                              init.o
main                                              main.o
                                                  init.o
pwm_enable                                        wire.o
pwm_write                                         wire.o
serial_available                                  wire.o
                                                  main.o
serial_begin                                      wire.o
                                                  main.o
serial_irq                                        wire.o
                                                  main.o
serial_read                                       wire.o
serial_read_buff                                  wire.o
                                                  main.o
serial_write                                      wire.o
                                                  main.o
serial_write_buff                                 wire.o
                                                  main.o
serial_write_byte                                 wire.o
serial_write_hex                                  wire.o
serial_write_int                                  wire.o
serial_writenl                                    wire.o
                                                  main.o
servo_init                                        wire.o
servo_write                                       wire.o
sonar_get_distance                                wire.o
sonar_init                                        wire.o
start                                             init.o
test                                              main.o
