Archive member included because of file (symbol)

/Users/mrsang/private-app/gcc-arm-none-eabi-4_9/lib/gcc/arm-none-eabi/4.9.3/armv6-m/libgcc.a(_udivsi3.o)
                              wire.o (__aeabi_uidiv)
/Users/mrsang/private-app/gcc-arm-none-eabi-4_9/lib/gcc/arm-none-eabi/4.9.3/armv6-m/libgcc.a(_divsi3.o)
                              wire.o (__aeabi_idiv)
/Users/mrsang/private-app/gcc-arm-none-eabi-4_9/lib/gcc/arm-none-eabi/4.9.3/armv6-m/libgcc.a(_dvmd_tls.o)
                              /Users/mrsang/private-app/gcc-arm-none-eabi-4_9/lib/gcc/arm-none-eabi/4.9.3/armv6-m/libgcc.a(_udivsi3.o) (__aeabi_idiv0)

Memory Configuration

Name             Origin             Length             Attributes
flash            0x0000000000000000 0x0000000000008000
ram              0x0000000010000000 0x0000000000002000
*default*        0x0000000000000000 0xffffffffffffffff

Linker script and memory map

LOAD init.o
LOAD wire.o
LOAD main.o
LOAD /Users/mrsang/private-app/gcc-arm-none-eabi-4_9/lib/gcc/arm-none-eabi/4.9.3/armv6-m/libgcc.a
                0x0000000000000000                . = ORIGIN (flash)

.text           0x0000000000000000      0xeb8
 *(.vectors)
 .vectors       0x0000000000000000       0xc0 init.o
                0x0000000000000000                Vectors
 *(.text)
 .text          0x00000000000000c0       0x9c init.o
                0x00000000000000c0                Default_Handler
                0x00000000000000c4                clock_init
                0x0000000000000104                init
                0x0000000000000154                start
 .text          0x000000000000015c      0xa0c wire.o
                0x000000000000015c                RSET
                0x0000000000000164                RCLEAR
                0x000000000000016c                PINCONF
                0x00000000000002d0                BIT_S
                0x0000000000000384                IOFUN_SET
                0x00000000000003a8                GPIO_DIR_SET
                0x00000000000003d8                PINDIR
                0x0000000000000404                GPIO_READ
                0x000000000000041c                GPIO_DATA_SET
                0x000000000000044c                digital_write
                0x0000000000000478                digital_read
                0x000000000000049c                gpio_pin_mode
                0x00000000000004e0                pwm_enable
                0x00000000000005a8                pwm_write
                0x0000000000000734                serial_begin
                0x00000000000007dc                serial_write_byte
                0x00000000000007f8                serial_write
                0x0000000000000814                serial_write_int
                0x0000000000000840                serial_write_hex
                0x0000000000000868                serial_write_buff
                0x0000000000000894                __serial_irq
                0x00000000000008ac                __sys_tick
                0x00000000000008c4                serial_irq
                0x00000000000008e8                serial_available
                0x00000000000008f8                serial_read
                0x0000000000000904                serial_read_buff
                0x0000000000000930                analog_init
                0x0000000000000960                analog_enable
                0x0000000000000984                analog_read
                0x00000000000009f4                delay_us
                0x0000000000000a30                delay_ms
                0x0000000000000a40                delay_s
                0x0000000000000a50                sonar_init
                0x0000000000000a64                sonar_get_distance
                0x0000000000000b14                __div_and_round
                0x0000000000000b38                servo_init
                0x0000000000000b50                servo_write
 .text          0x0000000000000b68       0x4c main.o
                0x0000000000000b68                main
 .text          0x0000000000000bb4      0x120 /Users/mrsang/private-app/gcc-arm-none-eabi-4_9/lib/gcc/arm-none-eabi/4.9.3/armv6-m/libgcc.a(_udivsi3.o)
                0x0000000000000bb4                __udivsi3
                0x0000000000000bb4                __aeabi_uidiv
                0x0000000000000cc0                __aeabi_uidivmod
 .text          0x0000000000000cd4      0x1e0 /Users/mrsang/private-app/gcc-arm-none-eabi-4_9/lib/gcc/arm-none-eabi/4.9.3/armv6-m/libgcc.a(_divsi3.o)
                0x0000000000000cd4                __aeabi_idiv
                0x0000000000000cd4                __divsi3
                0x0000000000000ea0                __aeabi_idivmod
 .text          0x0000000000000eb4        0x4 /Users/mrsang/private-app/gcc-arm-none-eabi-4_9/lib/gcc/arm-none-eabi/4.9.3/armv6-m/libgcc.a(_dvmd_tls.o)
                0x0000000000000eb4                __aeabi_ldiv0
                0x0000000000000eb4                __aeabi_idiv0

.glue_7         0x0000000000000eb8        0x0
 .glue_7        0x0000000000000000        0x0 linker stubs

.glue_7t        0x0000000000000eb8        0x0
 .glue_7t       0x0000000000000000        0x0 linker stubs

.vfp11_veneer   0x0000000000000eb8        0x0
 .vfp11_veneer  0x0000000000000000        0x0 linker stubs

.v4_bx          0x0000000000000eb8        0x0
 .v4_bx         0x0000000000000000        0x0 linker stubs

.iplt           0x0000000000000eb8        0x0
 .iplt          0x0000000000000000        0x0 init.o

.rel.dyn        0x0000000000000eb8        0x0
 .rel.iplt      0x0000000000000000        0x0 init.o

.rodata.str1.4  0x0000000000000eb8        0x4
 .rodata.str1.4
                0x0000000000000eb8        0x4 main.o
                0x0000000010000000                . = ORIGIN (ram)

.data           0x0000000010000000        0x0 load address 0x0000000000000ebc
                0x0000000000000ebc                INIT_DATA_VALUES = LOADADDR (.data)
                0x0000000010000000                INIT_DATA_START = .
 *(.data)
 .data          0x0000000010000000        0x0 init.o
 .data          0x0000000010000000        0x0 wire.o
 .data          0x0000000010000000        0x0 main.o
 .data          0x0000000010000000        0x0 /Users/mrsang/private-app/gcc-arm-none-eabi-4_9/lib/gcc/arm-none-eabi/4.9.3/armv6-m/libgcc.a(_udivsi3.o)
 .data          0x0000000010000000        0x0 /Users/mrsang/private-app/gcc-arm-none-eabi-4_9/lib/gcc/arm-none-eabi/4.9.3/armv6-m/libgcc.a(_divsi3.o)
 .data          0x0000000010000000        0x0 /Users/mrsang/private-app/gcc-arm-none-eabi-4_9/lib/gcc/arm-none-eabi/4.9.3/armv6-m/libgcc.a(_dvmd_tls.o)
                0x0000000010000000                INIT_DATA_END = .
                0x0000000010000000                BSS_START = .

.igot.plt       0x0000000010000000        0x0 load address 0x0000000000000ebc
 .igot.plt      0x0000000000000000        0x0 init.o

.bss            0x0000000010000000        0x8 load address 0x0000000000000ebc
 *(.bss)
 .bss           0x0000000010000000        0x0 init.o
 .bss           0x0000000010000000        0x8 wire.o
                0x0000000010000000                UART_IRQ
                0x0000000010000004                SYS_TICK_IRQ
 .bss           0x0000000010000008        0x0 main.o
 .bss           0x0000000010000008        0x0 /Users/mrsang/private-app/gcc-arm-none-eabi-4_9/lib/gcc/arm-none-eabi/4.9.3/armv6-m/libgcc.a(_udivsi3.o)
 .bss           0x0000000010000008        0x0 /Users/mrsang/private-app/gcc-arm-none-eabi-4_9/lib/gcc/arm-none-eabi/4.9.3/armv6-m/libgcc.a(_divsi3.o)
 .bss           0x0000000010000008        0x0 /Users/mrsang/private-app/gcc-arm-none-eabi-4_9/lib/gcc/arm-none-eabi/4.9.3/armv6-m/libgcc.a(_dvmd_tls.o)
                0x0000000010000008                BSS_END = .
OUTPUT(main.elf elf32-littlearm)

.debug_info     0x0000000000000000     0x1180
 .debug_info    0x0000000000000000      0x153 init.o
 .debug_info    0x0000000000000153      0xe63 wire.o
 .debug_info    0x0000000000000fb6      0x1ca main.o

.debug_abbrev   0x0000000000000000      0x4b8
 .debug_abbrev  0x0000000000000000      0x111 init.o
 .debug_abbrev  0x0000000000000111      0x2a5 wire.o
 .debug_abbrev  0x00000000000003b6      0x102 main.o

.debug_loc      0x0000000000000000     0x13e9
 .debug_loc     0x0000000000000000       0x8a init.o
 .debug_loc     0x000000000000008a     0x1341 wire.o
 .debug_loc     0x00000000000013cb       0x1e main.o

.debug_aranges  0x0000000000000000       0x60
 .debug_aranges
                0x0000000000000000       0x20 init.o
 .debug_aranges
                0x0000000000000020       0x20 wire.o
 .debug_aranges
                0x0000000000000040       0x20 main.o

.debug_line     0x0000000000000000      0x46a
 .debug_line    0x0000000000000000       0x60 init.o
 .debug_line    0x0000000000000060      0x3a1 wire.o
 .debug_line    0x0000000000000401       0x69 main.o

.debug_str      0x0000000000000000      0x39d
 .debug_str     0x0000000000000000      0x146 init.o
                                        0x14b (size before relaxing)
 .debug_str     0x0000000000000146      0x250 wire.o
                                        0x31f (size before relaxing)
 .debug_str     0x0000000000000396        0x7 main.o
                                        0x12f (size before relaxing)

.comment        0x0000000000000000       0x70
 .comment       0x0000000000000000       0x70 init.o
                                         0x71 (size before relaxing)
 .comment       0x0000000000000000       0x71 wire.o
 .comment       0x0000000000000000       0x71 main.o

.ARM.attributes
                0x0000000000000000       0x31
 .ARM.attributes
                0x0000000000000000       0x31 init.o
 .ARM.attributes
                0x0000000000000031       0x31 wire.o
 .ARM.attributes
                0x0000000000000062       0x31 main.o
 .ARM.attributes
                0x0000000000000093       0x1e /Users/mrsang/private-app/gcc-arm-none-eabi-4_9/lib/gcc/arm-none-eabi/4.9.3/armv6-m/libgcc.a(_udivsi3.o)
 .ARM.attributes
                0x00000000000000b1       0x1e /Users/mrsang/private-app/gcc-arm-none-eabi-4_9/lib/gcc/arm-none-eabi/4.9.3/armv6-m/libgcc.a(_divsi3.o)
 .ARM.attributes
                0x00000000000000cf       0x1e /Users/mrsang/private-app/gcc-arm-none-eabi-4_9/lib/gcc/arm-none-eabi/4.9.3/armv6-m/libgcc.a(_dvmd_tls.o)

.debug_frame    0x0000000000000000      0x438
 .debug_frame   0x0000000000000000       0x60 init.o
 .debug_frame   0x0000000000000060      0x36c wire.o
 .debug_frame   0x00000000000003cc       0x2c main.o
 .debug_frame   0x00000000000003f8       0x20 /Users/mrsang/private-app/gcc-arm-none-eabi-4_9/lib/gcc/arm-none-eabi/4.9.3/armv6-m/libgcc.a(_udivsi3.o)
 .debug_frame   0x0000000000000418       0x20 /Users/mrsang/private-app/gcc-arm-none-eabi-4_9/lib/gcc/arm-none-eabi/4.9.3/armv6-m/libgcc.a(_divsi3.o)

.debug_ranges   0x0000000000000000       0x30
 .debug_ranges  0x0000000000000000       0x30 wire.o

Cross Reference Table

Symbol                                            File
BIT_S                                             wire.o
BSS_END                                           init.o
BSS_START                                         init.o
Default_Handler                                   init.o
GPIO_DATA_SET                                     wire.o
GPIO_DIR_SET                                      wire.o
GPIO_READ                                         wire.o
INIT_DATA_END                                     init.o
INIT_DATA_START                                   init.o
INIT_DATA_VALUES                                  init.o
IOFUN_SET                                         wire.o
PINCONF                                           wire.o
PINDIR                                            wire.o
RCLEAR                                            wire.o
RSET                                              wire.o
SYS_TICK_IRQ                                      wire.o
UART_IRQ                                          wire.o
Vectors                                           init.o
__aeabi_idiv                                      /Users/mrsang/private-app/gcc-arm-none-eabi-4_9/lib/gcc/arm-none-eabi/4.9.3/armv6-m/libgcc.a(_divsi3.o)
                                                  main.o
                                                  wire.o
__aeabi_idiv0                                     /Users/mrsang/private-app/gcc-arm-none-eabi-4_9/lib/gcc/arm-none-eabi/4.9.3/armv6-m/libgcc.a(_dvmd_tls.o)
                                                  /Users/mrsang/private-app/gcc-arm-none-eabi-4_9/lib/gcc/arm-none-eabi/4.9.3/armv6-m/libgcc.a(_divsi3.o)
                                                  /Users/mrsang/private-app/gcc-arm-none-eabi-4_9/lib/gcc/arm-none-eabi/4.9.3/armv6-m/libgcc.a(_udivsi3.o)
__aeabi_idivmod                                   /Users/mrsang/private-app/gcc-arm-none-eabi-4_9/lib/gcc/arm-none-eabi/4.9.3/armv6-m/libgcc.a(_divsi3.o)
                                                  wire.o
__aeabi_ldiv0                                     /Users/mrsang/private-app/gcc-arm-none-eabi-4_9/lib/gcc/arm-none-eabi/4.9.3/armv6-m/libgcc.a(_dvmd_tls.o)
__aeabi_uidiv                                     /Users/mrsang/private-app/gcc-arm-none-eabi-4_9/lib/gcc/arm-none-eabi/4.9.3/armv6-m/libgcc.a(_udivsi3.o)
                                                  wire.o
__aeabi_uidivmod                                  /Users/mrsang/private-app/gcc-arm-none-eabi-4_9/lib/gcc/arm-none-eabi/4.9.3/armv6-m/libgcc.a(_udivsi3.o)
__div_and_round                                   wire.o
__divsi3                                          /Users/mrsang/private-app/gcc-arm-none-eabi-4_9/lib/gcc/arm-none-eabi/4.9.3/armv6-m/libgcc.a(_divsi3.o)
__serial_irq                                      wire.o
                                                  init.o
__sys_tick                                        wire.o
                                                  init.o
__udivsi3                                         /Users/mrsang/private-app/gcc-arm-none-eabi-4_9/lib/gcc/arm-none-eabi/4.9.3/armv6-m/libgcc.a(_udivsi3.o)
analog_enable                                     wire.o
                                                  main.o
analog_init                                       wire.o
                                                  main.o
analog_read                                       wire.o
                                                  main.o
clock_init                                        init.o
delay_ms                                          wire.o
                                                  main.o
delay_s                                           wire.o
delay_us                                          wire.o
digital_read                                      wire.o
digital_write                                     wire.o
gpio_pin_mode                                     wire.o
init                                              init.o
main                                              main.o
                                                  init.o
pwm_enable                                        wire.o
pwm_write                                         wire.o
serial_available                                  wire.o
serial_begin                                      wire.o
                                                  main.o
serial_irq                                        wire.o
serial_read                                       wire.o
serial_read_buff                                  wire.o
serial_write                                      wire.o
                                                  main.o
serial_write_buff                                 wire.o
serial_write_byte                                 wire.o
serial_write_hex                                  wire.o
serial_write_int                                  wire.o
                                                  main.o
servo_init                                        wire.o
                                                  main.o
servo_write                                       wire.o
                                                  main.o
sonar_get_distance                                wire.o
sonar_init                                        wire.o
start                                             init.o
