Archive member included because of file (symbol)

/Users/mrsang/private-app/gcc-arm-none-eabi-4_9/lib/gcc/arm-none-eabi/4.9.3/armv6-m/libgcc.a(_udivsi3.o)
                              wire.o (__aeabi_uidiv)
/Users/mrsang/private-app/gcc-arm-none-eabi-4_9/lib/gcc/arm-none-eabi/4.9.3/armv6-m/libgcc.a(_divsi3.o)
                              wire.o (__aeabi_idiv)
/Users/mrsang/private-app/gcc-arm-none-eabi-4_9/lib/gcc/arm-none-eabi/4.9.3/armv6-m/libgcc.a(_dvmd_tls.o)
                              /Users/mrsang/private-app/gcc-arm-none-eabi-4_9/lib/gcc/arm-none-eabi/4.9.3/armv6-m/libgcc.a(_udivsi3.o) (__aeabi_idiv0)

Memory Configuration

Name             Origin             Length             Attributes
flash            0x0000000000000000 0x0000000000008000
ram              0x0000000010000000 0x0000000000002000
*default*        0x0000000000000000 0xffffffffffffffff

Linker script and memory map

LOAD init.o
LOAD wire.o
LOAD main.o
LOAD /Users/mrsang/private-app/gcc-arm-none-eabi-4_9/lib/gcc/arm-none-eabi/4.9.3/armv6-m/libgcc.a
                0x0000000000000000                . = ORIGIN (flash)

.text           0x0000000000000000      0xa70
 *(.vectors)
 .vectors       0x0000000000000000       0xc0 init.o
                0x0000000000000000                Vectors
 *(.text)
 .text          0x00000000000000c0       0x9c init.o
                0x00000000000000c0                Default_Handler
                0x00000000000000c4                clock_init
                0x0000000000000104                init
                0x0000000000000154                start
 .text          0x000000000000015c      0x5d8 wire.o
                0x000000000000015c                RSET
                0x0000000000000164                RCLEAR
                0x000000000000016c                PINCONF
                0x00000000000002d0                BIT_S
                0x0000000000000384                IOFUN_SET
                0x00000000000003a8                GPIO_DIR_SET
                0x00000000000003d8                PINDIR
                0x0000000000000404                GPIO_READ
                0x000000000000041c                GPIO_DATA_SET
                0x000000000000044c                digital_write
                0x0000000000000478                digital_read
                0x000000000000049c                gpio_pin_mode
                0x00000000000004e0                pwm_enable
                0x00000000000005a8                pwm_write
 .text          0x0000000000000734       0x38 main.o
                0x0000000000000734                main
 .text          0x000000000000076c      0x120 /Users/mrsang/private-app/gcc-arm-none-eabi-4_9/lib/gcc/arm-none-eabi/4.9.3/armv6-m/libgcc.a(_udivsi3.o)
                0x000000000000076c                __udivsi3
                0x000000000000076c                __aeabi_uidiv
                0x0000000000000878                __aeabi_uidivmod
 .text          0x000000000000088c      0x1e0 /Users/mrsang/private-app/gcc-arm-none-eabi-4_9/lib/gcc/arm-none-eabi/4.9.3/armv6-m/libgcc.a(_divsi3.o)
                0x000000000000088c                __aeabi_idiv
                0x000000000000088c                __divsi3
                0x0000000000000a58                __aeabi_idivmod
 .text          0x0000000000000a6c        0x4 /Users/mrsang/private-app/gcc-arm-none-eabi-4_9/lib/gcc/arm-none-eabi/4.9.3/armv6-m/libgcc.a(_dvmd_tls.o)
                0x0000000000000a6c                __aeabi_ldiv0
                0x0000000000000a6c                __aeabi_idiv0

.glue_7         0x0000000000000a70        0x0
 .glue_7        0x0000000000000000        0x0 linker stubs

.glue_7t        0x0000000000000a70        0x0
 .glue_7t       0x0000000000000000        0x0 linker stubs

.vfp11_veneer   0x0000000000000a70        0x0
 .vfp11_veneer  0x0000000000000000        0x0 linker stubs

.v4_bx          0x0000000000000a70        0x0
 .v4_bx         0x0000000000000000        0x0 linker stubs

.iplt           0x0000000000000a70        0x0
 .iplt          0x0000000000000000        0x0 init.o

.rel.dyn        0x0000000000000a70        0x0
 .rel.iplt      0x0000000000000000        0x0 init.o
                0x0000000010000000                . = ORIGIN (ram)

.data           0x0000000010000000        0x0 load address 0x0000000000000a70
                0x0000000000000a70                INIT_DATA_VALUES = LOADADDR (.data)
                0x0000000010000000                INIT_DATA_START = .
 *(.data)
 .data          0x0000000010000000        0x0 init.o
 .data          0x0000000010000000        0x0 wire.o
 .data          0x0000000010000000        0x0 main.o
 .data          0x0000000010000000        0x0 /Users/mrsang/private-app/gcc-arm-none-eabi-4_9/lib/gcc/arm-none-eabi/4.9.3/armv6-m/libgcc.a(_udivsi3.o)
 .data          0x0000000010000000        0x0 /Users/mrsang/private-app/gcc-arm-none-eabi-4_9/lib/gcc/arm-none-eabi/4.9.3/armv6-m/libgcc.a(_divsi3.o)
 .data          0x0000000010000000        0x0 /Users/mrsang/private-app/gcc-arm-none-eabi-4_9/lib/gcc/arm-none-eabi/4.9.3/armv6-m/libgcc.a(_dvmd_tls.o)
                0x0000000010000000                INIT_DATA_END = .
                0x0000000010000000                BSS_START = .

.igot.plt       0x0000000010000000        0x0 load address 0x0000000000000a70
 .igot.plt      0x0000000000000000        0x0 init.o

.bss            0x0000000010000000        0x0 load address 0x0000000000000a70
 *(.bss)
 .bss           0x0000000010000000        0x0 init.o
 .bss           0x0000000010000000        0x0 wire.o
 .bss           0x0000000010000000        0x0 main.o
 .bss           0x0000000010000000        0x0 /Users/mrsang/private-app/gcc-arm-none-eabi-4_9/lib/gcc/arm-none-eabi/4.9.3/armv6-m/libgcc.a(_udivsi3.o)
 .bss           0x0000000010000000        0x0 /Users/mrsang/private-app/gcc-arm-none-eabi-4_9/lib/gcc/arm-none-eabi/4.9.3/armv6-m/libgcc.a(_divsi3.o)
 .bss           0x0000000010000000        0x0 /Users/mrsang/private-app/gcc-arm-none-eabi-4_9/lib/gcc/arm-none-eabi/4.9.3/armv6-m/libgcc.a(_dvmd_tls.o)
                0x0000000010000000                BSS_END = .
OUTPUT(main.elf elf32-littlearm)

.debug_info     0x0000000000000000      0x9c7
 .debug_info    0x0000000000000000      0x153 init.o
 .debug_info    0x0000000000000153      0x759 wire.o
 .debug_info    0x00000000000008ac      0x11b main.o

.debug_abbrev   0x0000000000000000      0x2c9
 .debug_abbrev  0x0000000000000000      0x111 init.o
 .debug_abbrev  0x0000000000000111      0x116 wire.o
 .debug_abbrev  0x0000000000000227       0xa2 main.o

.debug_loc      0x0000000000000000      0xe5c
 .debug_loc     0x0000000000000000       0x8a init.o
 .debug_loc     0x000000000000008a      0xdd2 wire.o

.debug_aranges  0x0000000000000000       0x60
 .debug_aranges
                0x0000000000000000       0x20 init.o
 .debug_aranges
                0x0000000000000020       0x20 wire.o
 .debug_aranges
                0x0000000000000040       0x20 main.o

.debug_line     0x0000000000000000      0x310
 .debug_line    0x0000000000000000       0x60 init.o
 .debug_line    0x0000000000000060      0x264 wire.o
 .debug_line    0x00000000000002c4       0x4c main.o

.debug_str      0x0000000000000000      0x1ed
 .debug_str     0x0000000000000000      0x149 init.o
                                        0x14e (size before relaxing)
 .debug_str     0x0000000000000149       0x9d wire.o
                                        0x15a (size before relaxing)
 .debug_str     0x00000000000001e6        0x7 main.o
                                         0xe5 (size before relaxing)

.comment        0x0000000000000000       0x70
 .comment       0x0000000000000000       0x70 init.o
                                         0x71 (size before relaxing)
 .comment       0x0000000000000000       0x71 wire.o
 .comment       0x0000000000000000       0x71 main.o

.ARM.attributes
                0x0000000000000000       0x31
 .ARM.attributes
                0x0000000000000000       0x31 init.o
 .ARM.attributes
                0x0000000000000031       0x31 wire.o
 .ARM.attributes
                0x0000000000000062       0x31 main.o
 .ARM.attributes
                0x0000000000000093       0x1e /Users/mrsang/private-app/gcc-arm-none-eabi-4_9/lib/gcc/arm-none-eabi/4.9.3/armv6-m/libgcc.a(_udivsi3.o)
 .ARM.attributes
                0x00000000000000b1       0x1e /Users/mrsang/private-app/gcc-arm-none-eabi-4_9/lib/gcc/arm-none-eabi/4.9.3/armv6-m/libgcc.a(_divsi3.o)
 .ARM.attributes
                0x00000000000000cf       0x1e /Users/mrsang/private-app/gcc-arm-none-eabi-4_9/lib/gcc/arm-none-eabi/4.9.3/armv6-m/libgcc.a(_dvmd_tls.o)

.debug_frame    0x0000000000000000      0x220
 .debug_frame   0x0000000000000000       0x60 init.o
 .debug_frame   0x0000000000000060      0x158 wire.o
 .debug_frame   0x00000000000001b8       0x28 main.o
 .debug_frame   0x00000000000001e0       0x20 /Users/mrsang/private-app/gcc-arm-none-eabi-4_9/lib/gcc/arm-none-eabi/4.9.3/armv6-m/libgcc.a(_udivsi3.o)
 .debug_frame   0x0000000000000200       0x20 /Users/mrsang/private-app/gcc-arm-none-eabi-4_9/lib/gcc/arm-none-eabi/4.9.3/armv6-m/libgcc.a(_divsi3.o)

Cross Reference Table

Symbol                                            File
BIT_S                                             wire.o
BSS_END                                           init.o
BSS_START                                         init.o
Default_Handler                                   init.o
GPIO_DATA_SET                                     wire.o
GPIO_DIR_SET                                      wire.o
GPIO_READ                                         wire.o
INIT_DATA_END                                     init.o
INIT_DATA_START                                   init.o
INIT_DATA_VALUES                                  init.o
IOFUN_SET                                         wire.o
PINCONF                                           wire.o
PINDIR                                            wire.o
RCLEAR                                            wire.o
RSET                                              wire.o
Vectors                                           init.o
__aeabi_idiv                                      /Users/mrsang/private-app/gcc-arm-none-eabi-4_9/lib/gcc/arm-none-eabi/4.9.3/armv6-m/libgcc.a(_divsi3.o)
                                                  wire.o
__aeabi_idiv0                                     /Users/mrsang/private-app/gcc-arm-none-eabi-4_9/lib/gcc/arm-none-eabi/4.9.3/armv6-m/libgcc.a(_dvmd_tls.o)
                                                  /Users/mrsang/private-app/gcc-arm-none-eabi-4_9/lib/gcc/arm-none-eabi/4.9.3/armv6-m/libgcc.a(_divsi3.o)
                                                  /Users/mrsang/private-app/gcc-arm-none-eabi-4_9/lib/gcc/arm-none-eabi/4.9.3/armv6-m/libgcc.a(_udivsi3.o)
__aeabi_idivmod                                   /Users/mrsang/private-app/gcc-arm-none-eabi-4_9/lib/gcc/arm-none-eabi/4.9.3/armv6-m/libgcc.a(_divsi3.o)
__aeabi_ldiv0                                     /Users/mrsang/private-app/gcc-arm-none-eabi-4_9/lib/gcc/arm-none-eabi/4.9.3/armv6-m/libgcc.a(_dvmd_tls.o)
__aeabi_uidiv                                     /Users/mrsang/private-app/gcc-arm-none-eabi-4_9/lib/gcc/arm-none-eabi/4.9.3/armv6-m/libgcc.a(_udivsi3.o)
                                                  wire.o
__aeabi_uidivmod                                  /Users/mrsang/private-app/gcc-arm-none-eabi-4_9/lib/gcc/arm-none-eabi/4.9.3/armv6-m/libgcc.a(_udivsi3.o)
__divsi3                                          /Users/mrsang/private-app/gcc-arm-none-eabi-4_9/lib/gcc/arm-none-eabi/4.9.3/armv6-m/libgcc.a(_divsi3.o)
__udivsi3                                         /Users/mrsang/private-app/gcc-arm-none-eabi-4_9/lib/gcc/arm-none-eabi/4.9.3/armv6-m/libgcc.a(_udivsi3.o)
clock_init                                        init.o
digital_read                                      wire.o
                                                  main.o
digital_write                                     wire.o
                                                  main.o
gpio_pin_mode                                     wire.o
                                                  main.o
init                                              init.o
main                                              main.o
                                                  init.o
pwm_enable                                        wire.o
pwm_write                                         wire.o
start                                             init.o
