
Memory Configuration

Name             Origin             Length             Attributes
flash            0x0000000000000000 0x0000000000008000
ram              0x0000000010000000 0x0000000000001000
*default*        0x0000000000000000 0xffffffffffffffff

Linker script and memory map

LOAD init.o
LOAD main.o
LOAD /Users/mrsang/private-app/gcc-arm-none-eabi-4_9/lib/gcc/arm-none-eabi/4.9.3/armv6-m/libgcc.a
                0x0000000000000000                . = ORIGIN (flash)

.text           0x0000000000000000      0x21c
 *(.vectors)
 .vectors       0x0000000000000000       0xc0 init.o
                0x0000000000000000                Vectors
 *(.text)
 .text          0x00000000000000c0       0xcc init.o
                0x00000000000000c0                clock_init
                0x000000000000010c                init
                0x0000000000000184                Default_Handler
 .text          0x000000000000018c       0x90 main.o
                0x000000000000018c                main

.glue_7         0x000000000000021c        0x0
 .glue_7        0x0000000000000000        0x0 linker stubs

.glue_7t        0x000000000000021c        0x0
 .glue_7t       0x0000000000000000        0x0 linker stubs

.vfp11_veneer   0x000000000000021c        0x0
 .vfp11_veneer  0x0000000000000000        0x0 linker stubs

.v4_bx          0x000000000000021c        0x0
 .v4_bx         0x0000000000000000        0x0 linker stubs

.iplt           0x000000000000021c        0x0
 .iplt          0x0000000000000000        0x0 init.o

.rel.dyn        0x000000000000021c        0x0
 .rel.iplt      0x0000000000000000        0x0 init.o
                0x0000000010000000                . = ORIGIN (ram)

.data           0x0000000010000000        0x0 load address 0x000000000000021c
                0x000000000000021c                INIT_DATA_VALUES = LOADADDR (.data)
                0x0000000010000000                INIT_DATA_START = .
 *(.data)
 .data          0x0000000010000000        0x0 init.o
 .data          0x0000000010000000        0x0 main.o
                0x0000000010000000                INIT_DATA_END = .
                0x0000000010000000                BSS_START = .

.igot.plt       0x0000000010000000        0x0 load address 0x000000000000021c
 .igot.plt      0x0000000000000000        0x0 init.o

.bss            0x0000000010000000        0x0 load address 0x000000000000021c
 *(.bss)
 .bss           0x0000000010000000        0x0 init.o
 .bss           0x0000000010000000        0x0 main.o
                0x0000000010000000                BSS_END = .
OUTPUT(main.elf elf32-littlearm)

.debug_info     0x0000000000000000      0x169
 .debug_info    0x0000000000000000      0x116 init.o
 .debug_info    0x0000000000000116       0x53 main.o

.debug_abbrev   0x0000000000000000      0x130
 .debug_abbrev  0x0000000000000000       0xe8 init.o
 .debug_abbrev  0x00000000000000e8       0x48 main.o

.debug_aranges  0x0000000000000000       0x40
 .debug_aranges
                0x0000000000000000       0x20 init.o
 .debug_aranges
                0x0000000000000020       0x20 main.o

.debug_line     0x0000000000000000       0x9e
 .debug_line    0x0000000000000000       0x53 init.o
 .debug_line    0x0000000000000053       0x4b main.o

.debug_str      0x0000000000000000      0x14c
 .debug_str     0x0000000000000000      0x145 init.o
                                        0x14a (size before relaxing)
 .debug_str     0x0000000000000145        0x7 main.o
                                         0xb8 (size before relaxing)

.comment        0x0000000000000000       0x70
 .comment       0x0000000000000000       0x70 init.o
                                         0x71 (size before relaxing)
 .comment       0x0000000000000000       0x71 main.o

.ARM.attributes
                0x0000000000000000       0x31
 .ARM.attributes
                0x0000000000000000       0x31 init.o
 .ARM.attributes
                0x0000000000000031       0x31 main.o

.debug_frame    0x0000000000000000       0x98
 .debug_frame   0x0000000000000000       0x68 init.o
 .debug_frame   0x0000000000000068       0x30 main.o

Cross Reference Table

Symbol                                            File
BSS_END                                           init.o
BSS_START                                         init.o
Default_Handler                                   init.o
INIT_DATA_END                                     init.o
INIT_DATA_START                                   init.o
INIT_DATA_VALUES                                  init.o
Vectors                                           init.o
clock_init                                        init.o
init                                              init.o
main                                              main.o
                                                  init.o
